[zoa-store-demo.myshopify.com/index.html]
[backblue.gif]
[fade.gif]
[index.html]
[cdn.shopify.com/s/files/1/0022/2819/1305/t/3/assets/faviconc705.png]
[cdn.shopify.com/s/files/1/0022/2819/1305/t/3/assets/icon-for-mobilec705.png]
[cdn.shopify.com/s/files/1/0022/2819/1305/t/3/assets/icon-for-mobile_57x57c705.png]
[cdn.shopify.com/s/files/1/0022/2819/1305/t/3/assets/icon-for-mobile_60x60c705.png]
[cdn.shopify.com/s/files/1/0022/2819/1305/t/3/assets/icon-for-mobile_72x72c705.png]
[cdn.shopify.com/s/files/1/0022/2819/1305/t/3/assets/icon-for-mobile_76x76c705.png]
[cdn.shopify.com/s/files/1/0022/2819/1305/t/3/assets/icon-for-mobile_114x114c705.png]
[cdn.shopify.com/s/files/1/0022/2819/1305/t/3/assets/icon-for-mobile_120x120c705.png]
[cdn.shopify.com/s/files/1/0022/2819/1305/t/3/assets/icon-for-mobile_144x144c705.png]
[cdn.shopify.com/s/files/1/0022/2819/1305/t/3/assets/icon-for-mobile_152x152c705.png]
[cdn.shopify.com/s/files/1/0022/2819/1305/t/3/assets/logoc705.png]
[cdn.shopify.com/s/files/1/0022/2819/1305/t/3/assets/timber.scssc705.css]
[cdn.shopify.com/s/files/1/0022/2819/1305/t/3/assets/font-awesome.minc705.css]
[cdn.shopify.com/s/files/1/0022/2819/1305/t/3/assets/simple-line-iconsc705.css]
[cdn.shopify.com/s/files/1/0022/2819/1305/t/3/assets/ionicons.minc705.css]
[cdn.shopify.com/s/files/1/0022/2819/1305/t/3/assets/zoa-fontc705.css]
[cdn.shopify.com/s/files/1/0022/2819/1305/t/3/assets/slickc705.css]
[cdn.shopify.com/s/files/1/0022/2819/1305/t/3/assets/slick-themec705.css]
[cdn.shopify.com/s/files/1/0022/2819/1305/t/3/assets/owl.carousel.minc705.css]
[cdn.shopify.com/s/files/1/0022/2819/1305/t/3/assets/owl.theme.default.minc705.css]
[cdn.shopify.com/s/files/1/0022/2819/1305/t/3/assets/jquery.fancybox.minc705.css]
[cdn.shopify.com/s/files/1/0022/2819/1305/t/3/assets/threesixtyc705.css]
[cdn.shopify.com/s/files/1/0022/2819/1305/t/3/assets/fontsc705.css]
[cdn.shopify.com/s/files/1/0022/2819/1305/t/3/assets/stylec705.css]
[cdn.shopify.com/s/files/1/0022/2819/1305/t/3/assets/fix_stylec705.css]
[cdn.shopify.com/s/files/1/0022/2819/1305/t/3/assets/engo-customize.scssc705.css]
[cdn.shopify.com/s/files/1/0022/2819/1305/t/3/assets/umbgc705.css]
[cdn.shopify.com/s/javascripts/tricorder/trekkie.storefront.min97e4.js]
[cdn.shopify.com/s/assets/shop_events_listener-76ce6d7f3e50d4b8c05874c34d2ea1340c45e5babba61276dadcaeed488ca16a.js]
[cdn.shopify.com/s/assets/storefront/features-35fa919124302b0d097cdba90a4cba671b688a3c3c61403c926ff7818bbb918f.js]
[cdn.shopify.com/s/assets/themes_support/api.jquery-0ea851da22ae87c0290f4eeb24bc8b513ca182f3eb721d147c009ae0f5ce14f9.js]
[cdn.shopify.com/s/assets/themes_support/option_selection-ea4f4a242e299f2227b2b8038152223f741e90780c0c766883939e8902542bda.js]
[cdn.shopify.com/s/files/1/0022/2819/1305/t/3/assets/modernizr-2.8.3.minc705.js]
[cdn.shopify.com/s/files/1/0022/2819/1305/t/3/assets/loaderc705.gif]
[cdn.shopify.com/s/assets/storefront/express_buttons-7f78c56501d464e96da182604184a47637356bfb73f1dbfb1fa270ee47fe033e.js]
[cdn.shopify.com/s/files/1/0022/2819/1305/t/3/assets/jquery-1.12.0.minc705.js]
[zoa-store-demo.myshopify.com/collections/all.html]
[zoa-store-demo.myshopify.com/products/win-shirts.html]
[zoa-store-demo.myshopify.com/products/mens-boxes.html]
[zoa-store-demo.myshopify.com/collections/trend/products/win-shirts.html]
[zoa-store-demo.myshopify.com/products/snap-cap.html]
[zoa-store-demo.myshopify.com/products/aenean-consequat-sagittis.html]
[zoa-store-demo.myshopify.com/account/login.html]
[zoa-store-demo.myshopify.com/account/register.html]
[cdn.shopify.com/s/files/1/0022/2819/1305/files/logoa712.png]
[cdn.shopify.com/s/files/1/0022/2819/1305/t/3/assets/megamenu2_2_column_3_img_1c705.jpg]
[cdn.shopify.com/s/files/1/0022/2819/1305/products/product_9_d2e25eb1-9f5e-4851-b4fc-d773afd5f2f2_300x220_crop_top7856.jpg]
[cdn.shopify.com/s/files/1/0022/2819/1305/products/product_8_b93dd13f-d968-4e8d-a8f5-a07293ecf659_300x220_crop_top610e.jpg]
[zoa-store-demo.myshopify.com/collections/frontpage.html]
[cdn.shopify.com/s/files/1/0022/2819/1305/products/Untitled-1_300x220_crop_top0165.jpg]
[zoa-store-demo.myshopify.com/collections/kids.html]
[cdn.shopify.com/s/files/1/0022/2819/1305/files/slider-1-home-13fa2.png]
[zoa-store-demo.myshopify.com/blogs/news/beautiful-blue-eyes.html]
[cdn.shopify.com/s/files/1/0022/2819/1305/files/slider-2-home-1cbab.png]
[cdn.shopify.com/s/files/1/0022/2819/1305/files/trend04a7.png]
[cdn.shopify.com/s/files/1/0022/2819/1305/products/product_1b08ac.jpg]
[zoa-store-demo.myshopify.com/products/donec-fringilla.html]
[cdn.shopify.com/s/files/1/0022/2819/1305/products/product_24904.jpg]
[zoa-store-demo.myshopify.com/products/wide-pants.html]
[cdn.shopify.com/s/files/1/0022/2819/1305/products/product_3a9fd.jpg]
[zoa-store-demo.myshopify.com/products/womens-sunglasses.html]
[cdn.shopify.com/s/files/1/0022/2819/1305/products/product_447a1.jpg]
[cdn.shopify.com/s/files/1/0022/2819/1305/products/product_598e6.jpg]
[zoa-store-demo.myshopify.com/products/libero-quis.html]
[cdn.shopify.com/s/files/1/0022/2819/1305/products/product_624fd.jpg]
[cdn.shopify.com/s/files/1/0022/2819/1305/files/home-1-bgcd08.png]
[cdn.shopify.com/s/files/1/0022/2819/1305/files/icon_1cd56.png]
[cdn.shopify.com/s/files/1/0022/2819/1305/files/icon_2ebab.png]
[cdn.shopify.com/s/files/1/0022/2819/1305/files/icon_39e06.png]
[cdn.shopify.com/s/files/1/0022/2819/1305/files/icon_4d07a.png]
[cdn.shopify.com/s/files/1/0022/2819/1305/files/credit-card-iconsd3db.png]
[cdn.shopify.com/s/files/1/0022/2819/1305/t/3/assets/fastclickc705.js]
[cdn.shopify.com/s/javascripts/currencies.js]
[cdn.shopify.com/s/files/1/0022/2819/1305/t/3/assets/jquery.currencies.minc705.js]
[cdn.shopify.com/s/files/1/0022/2819/1305/t/3/assets/timberc705.js]
[cdn.shopify.com/s/files/1/0022/2819/1305/t/3/assets/handlebars.minc705.js]
[cdn.shopify.com/s/files/1/0022/2819/1305/t/3/assets/ajax-cartc705.js]
[cdn.shopify.com/s/files/1/0022/2819/1305/t/3/assets/bootstrap.minc705.js]
[cdn.shopify.com/s/files/1/0022/2819/1305/t/3/assets/slickc705.js]
[cdn.shopify.com/s/files/1/0022/2819/1305/t/3/assets/owl.carousel.minc705.js]
[cdn.shopify.com/s/files/1/0022/2819/1305/t/3/assets/jquery.fancybox.minc705.js]
[cdn.shopify.com/s/files/1/0022/2819/1305/t/3/assets/jquery.umbgc705.js]
[cdn.shopify.com/s/files/1/0022/2819/1305/t/3/assets/masonry.pkgd.minc705.js]
[cdn.shopify.com/s/files/1/0022/2819/1305/t/3/assets/instafeed.minc705.js]
[cdn.shopify.com/s/files/1/0022/2819/1305/t/3/assets/countdownc705.js]
[cdn.shopify.com/s/files/1/0022/2819/1305/t/3/assets/threesixty.minc705.js]
[cdn.shopify.com/s/files/1/0022/2819/1305/t/3/assets/mainc705.js]
[cdn.shopify.com/s/files/1/0022/2819/1305/t/3/assets/engo-pluginsc705.js]
[cdn.shopify.com/s/files/1/0022/2819/1305/t/3/assets/quickviewc705.js]
[cdn.shopify.com/s/files/1/0022/2819/1305/t/3/assets/collectionc705.js]
[cdn.shopify.com/s/files/1/0022/2819/1305/t/3/assets/engo-scriptsc705.js]
[zoa-store-demo.myshopify.com/index.html]
[cdn.shopify.com/s/files/1/0022/2819/1305/t/3/assets/engo-autocomplatec705.js]
[cdn.shopify.com/s/files/1/0022/2819/1305/t/3/assets/icons.6ff81b.delayed]
[cdn.shopify.com/s/files/1/0022/2819/1305/t/3/assets/iconsf81b.woff]
[cdn.shopify.com/s/files/1/0022/2819/1305/t/3/assets/iconsf81b.ttf]
[cdn.shopify.com/s/files/1/0022/2819/1305/t/3/assets/iconsf81b.svg]
[cdn.shopify.com/s/files/1/0022/2819/1305/t/3/assets/timber.scssc705.css]
[cdn.shopify.com/s/files/1/0022/2819/1305/t/3/assets/fontawesome-webfont3e6e.woff2]
[cdn.shopify.com/s/files/1/0022/2819/1305/t/3/assets/fontawesome-webfont3e6e.woff]
[cdn.shopify.com/s/files/1/0022/2819/1305/t/3/assets/fontawesome-webfont3e6e.eot]
[cdn.shopify.com/s/files/1/0022/2819/1305/t/3/assets/fontawesome-webfontd41d.eot]
[cdn.shopify.com/s/files/1/0022/2819/1305/t/3/assets/fontawesome-webfont3e6e.ttf]
[cdn.shopify.com/s/files/1/0022/2819/1305/t/3/assets/fontawesome-webfont3e6e.svg]
[cdn.shopify.com/s/files/1/0022/2819/1305/t/3/assets/font-awesome.minc705.css]
[cdn.shopify.com/s/files/1/0022/2819/1305/t/3/assets/Simple-Line-Iconsb26c.eot]
[cdn.shopify.com/s/files/1/0022/2819/1305/t/3/assets/Simple-Line-Iconsb26c.woff2]
[cdn.shopify.com/s/files/1/0022/2819/1305/t/3/assets/Simple-Line-Iconsb26c.ttf]
[cdn.shopify.com/s/files/1/0022/2819/1305/t/3/assets/Simple-Line-Iconsb26c.woff]
[cdn.shopify.com/s/files/1/0022/2819/1305/t/3/assets/Simple-Line-Iconsb26c.svg]
[cdn.shopify.com/s/files/1/0022/2819/1305/t/3/assets/simple-line-iconsc705.css]
[cdn.shopify.com/s/files/1/0022/2819/1305/t/3/assets/ionicons28b5.ttf]
[cdn.shopify.com/s/files/1/0022/2819/1305/t/3/assets/ionicons28b5.woff]
[cdn.shopify.com/s/files/1/0022/2819/1305/t/3/assets/ionicons28b5.eot]
[cdn.shopify.com/s/files/1/0022/2819/1305/t/3/assets/ionicons28b5.svg]
[cdn.shopify.com/s/files/1/0022/2819/1305/t/3/assets/ionicons.minc705.css]
[cdn.shopify.com/s/files/1/0022/2819/1305/t/3/assets/zoa.eot]
[cdn.shopify.com/s/files/1/0022/2819/1305/t/3/assets/zoa.ttf]
[cdn.shopify.com/s/files/1/0022/2819/1305/t/3/assets/zoa.woff]
[cdn.shopify.com/s/files/1/0022/2819/1305/t/3/assets/zoa.svg]
[cdn.shopify.com/s/files/1/0022/2819/1305/t/3/assets/zoa-fontc705.css]
[cdn.shopify.com/s/files/1/0022/2819/1305/t/3/assets/slickc705.css]
[cdn.shopify.com/s/files/1/0022/2819/1305/t/3/assets/ajax-loader.gif]
[cdn.shopify.com/s/files/1/0022/2819/1305/t/3/assets/slick.eot]
[cdn.shopify.com/s/files/1/0022/2819/1305/t/3/assets/slickd41d.eot]
[cdn.shopify.com/s/files/1/0022/2819/1305/t/3/assets/slick.woff]
[cdn.shopify.com/s/files/1/0022/2819/1305/t/3/assets/slick.ttf]
[cdn.shopify.com/s/files/1/0022/2819/1305/t/3/assets/slick.svg]
[cdn.shopify.com/s/files/1/0022/2819/1305/t/3/assets/slick-themec705.css]
[cdn.shopify.com/s/files/1/0022/2819/1305/t/3/assets/owl.video.play.png]
[cdn.shopify.com/s/files/1/0022/2819/1305/t/3/assets/owl.carousel.minc705.css]
[cdn.shopify.com/s/files/1/0022/2819/1305/t/3/assets/owl.theme.default.minc705.css]
[cdn.shopify.com/s/files/1/0022/2819/1305/t/3/assets/jquery.fancybox.minc705.css]
[cdn.shopify.com/s/files/1/0022/2819/1305/t/3/img/sprites.png]
[cdn.shopify.com/s/files/1/0022/2819/1305/t/3/assets/threesixtyc705.css]
[cdn.shopify.com/s/files/1/0022/2819/1305/t/3/assets/Eina03-Bold.ttf]
[cdn.shopify.com/s/files/1/0022/2819/1305/t/3/assets/Eina03-Light.ttf]
[cdn.shopify.com/s/files/1/0022/2819/1305/t/3/assets/Eina03-SemiBold.ttf]
[cdn.shopify.com/s/files/1/0022/2819/1305/t/3/assets/Eina03-Regular.ttf]
[cdn.shopify.com/s/files/1/0022/2819/1305/t/3/assets/Mind_Blowing_Alt.ttf]
[cdn.shopify.com/s/files/1/0022/2819/1305/t/3/assets/fontsc705.css]
[cdn.shopify.com/s/files/1/0022/2819/1305/t/3/assets/fonts.css]
[cdn.shopify.com/s/files/1/0022/2819/1305/t/3/assets/retange.png]
[cdn.shopify.com/s/files/1/0022/2819/1305/t/3/assets/dot.png]
[cdn.shopify.com/s/files/1/0022/2819/1305/t/3/assets/active_dot.png]
[cdn.shopify.com/s/files/1/0022/2819/1305/t/3/img/megamenu/home-bg.jpg]
[cdn.shopify.com/s/files/1/0022/2819/1305/t/3/img/megamenu/tv-bg.jpg]
[cdn.shopify.com/s/files/1/0022/2819/1305/t/3/img/megamenu/phone-bg.jpg]
[cdn.shopify.com/s/files/1/0022/2819/1305/t/3/img/megamenu/headphone-bg.jpg]
[cdn.shopify.com/s/files/1/0022/2819/1305/t/3/images/banner/img-banner-head01.jpg]
[cdn.shopify.com/s/files/1/0022/2819/1305/t/3/images/banner/img-banner-head02.jpg]
[cdn.shopify.com/s/files/1/0022/2819/1305/t/3/images/banner/img-banner-head03.jpg]
[cdn.shopify.com/s/files/1/0022/2819/1305/t/3/images/banner/img-banner-head04.jpg]
[cdn.shopify.com/s/files/1/0022/2819/1305/t/3/img/home6/testimonial-bg.png]
[cdn.shopify.com/s/files/1/0022/2819/1305/t/3/img/contact_bg.png]
[cdn.shopify.com/s/files/1/0022/2819/1305/t/3/img/grid.png]
[cdn.shopify.com/s/files/1/0022/2819/1305/t/3/img/list.png]
[cdn.shopify.com/s/files/1/0022/2819/1305/t/3/assets/stylec705.css]
[cdn.shopify.com/s/files/1/0022/2819/1305/t/3/assets/fix_stylec705.css]
[cdn.shopify.com/s/files/1/0022/2819/1305/t/3/assets/engo-customize.scssc705.css]
[cdn.shopify.com/s/files/1/0022/2819/1305/t/3/assets/umbgc705.css]
[zoa-store-demo.myshopify.com/index329f.html]
[zoa-store-demo.myshopify.com/index6709.html]
[zoa-store-demo.myshopify.com/index817f.html]
[zoa-store-demo.myshopify.com/index7eab.html]
[zoa-store-demo.myshopify.com/index1c90.html]
[zoa-store-demo.myshopify.com/index9256.html]
[zoa-store-demo.myshopify.com/indexf06f.html]
[zoa-store-demo.myshopify.com/index2c4c.html]
[zoa-store-demo.myshopify.com/index2d24.html]
[zoa-store-demo.myshopify.com/index9d0a.html]
[zoa-store-demo.myshopify.com/index9988.html]
[zoa-store-demo.myshopify.com/index18af.html]
[zoa-store-demo.myshopify.com/index7e5b.html]
[zoa-store-demo.myshopify.com/collections/all.atom]
[cdn.shopify.com/s/files/1/0022/2819/1305/files/loglo_trans_center299e.png]
[zoa-store-demo.myshopify.com/collections/vendorsf66b.html]
[zoa-store-demo.myshopify.com/collections/manual]
[zoa-store-demo.myshopify.com/collections/best-selling]
[zoa-store-demo.myshopify.com/collections/title-ascending]
[zoa-store-demo.myshopify.com/collections/title-descending]
[zoa-store-demo.myshopify.com/collections/price-descending]
[zoa-store-demo.myshopify.com/collections/price-ascending]
[cdn.shopify.com/s/files/1/0022/2819/1305/products/product_2_92c05854-3c76-4824-b495-175dd19fd624275c.jpg]
[cdn.shopify.com/s/files/1/0022/2819/1305/products/product_4_e433c93b-e09d-4c10-8c6b-a9cc4c6e9a2e002e.jpg]
[cdn.shopify.com/s/files/1/0022/2819/1305/products/product_5_27af2fe3-cd95-41b6-bcbf-bb051e24cb7df66b.jpg]
[cdn.shopify.com/s/files/1/0022/2819/1305/products/Untitled-10165.jpg]
[cdn.shopify.com/s/files/1/0022/2819/1305/products/product_1_310b5fd4-b732-45f9-99d7-c388dd75b348a5f9.jpg]
[cdn.shopify.com/s/files/1/0022/2819/1305/products/product_3_c11ef1a3-23be-402f-a64a-6abb3a67d19dddbd.jpg]
[cdn.shopify.com/s/files/1/0022/2819/1305/products/product_11_2eb53c05-52de-45ac-b1e7-0e9df55fbc86c3ec.jpg]
[cdn.shopify.com/s/files/1/0022/2819/1305/products/product_5_9c46a911-13a7-481d-8aae-519419df5758a3d0.jpg]
[zoa-store-demo.myshopify.com/products/brace-fun.html]
[cdn.shopify.com/s/files/1/0022/2819/1305/products/product_17a4fd.jpg]
[cdn.shopify.com/s/files/1/0022/2819/1305/products/product_107a52.jpg]
[cdn.shopify.com/s/files/1/0022/2819/1305/products/product_5_4db26a26-88a6-4ce3-bf5d-b8ac7f1689a85d49.jpg]
[zoa-store-demo.myshopify.com/collections/all.html]
[zoa-store-demo.myshopify.com/collections/all/index329f.html]
[zoa-store-demo.myshopify.com/collections/all/index6709.html]
[cdn.shopify.com/s/files/1/0022/2819/1305/t/10/assets/faviconc705.png]
[zoa-store-demo.myshopify.com/collections/allfdb0.html]
[cdn.shopify.com/s/files/1/0022/2819/1305/t/10/assets/icon-for-mobilec705.png]
[cdn.shopify.com/s/files/1/0022/2819/1305/t/10/assets/icon-for-mobile_57x57c705.png]
[cdn.shopify.com/s/files/1/0022/2819/1305/t/10/assets/icon-for-mobile_60x60c705.png]
[cdn.shopify.com/s/files/1/0022/2819/1305/t/10/assets/icon-for-mobile_72x72c705.png]
[cdn.shopify.com/s/files/1/0022/2819/1305/t/10/assets/icon-for-mobile_76x76c705.png]
[cdn.shopify.com/s/files/1/0022/2819/1305/t/10/assets/icon-for-mobile_114x114c705.png]
[cdn.shopify.com/s/files/1/0022/2819/1305/t/10/assets/icon-for-mobile_120x120c705.png]
[cdn.shopify.com/s/files/1/0022/2819/1305/t/10/assets/icon-for-mobile_144x144c705.png]
[cdn.shopify.com/s/files/1/0022/2819/1305/t/10/assets/icon-for-mobile_152x152c705.png]
[cdn.shopify.com/s/files/1/0022/2819/1305/products/product_5_grande98e6.jpg]
[cdn.shopify.com/s/files/1/0022/2819/1305/products/single_4_grande98e6.jpg]
[cdn.shopify.com/s/files/1/0022/2819/1305/products/single_3_grande98e6.jpg]
[cdn.shopify.com/s/files/1/0022/2819/1305/products/product_5_medium98e6.jpg]
[cdn.shopify.com/s/files/1/0022/2819/1305/t/10/assets/timber.scssc705.css]
[cdn.shopify.com/s/files/1/0022/2819/1305/t/10/assets/font-awesome.minc705.css]
[cdn.shopify.com/s/files/1/0022/2819/1305/t/10/assets/simple-line-iconsc705.css]
[cdn.shopify.com/s/files/1/0022/2819/1305/t/10/assets/ionicons.minc705.css]
[cdn.shopify.com/s/files/1/0022/2819/1305/t/10/assets/zoa-fontc705.css]
[cdn.shopify.com/s/files/1/0022/2819/1305/t/10/assets/slickc705.css]
[cdn.shopify.com/s/files/1/0022/2819/1305/t/10/assets/slick-themec705.css]
[cdn.shopify.com/s/files/1/0022/2819/1305/t/10/assets/owl.carousel.minc705.css]
[cdn.shopify.com/s/files/1/0022/2819/1305/t/10/assets/owl.theme.default.minc705.css]
[cdn.shopify.com/s/files/1/0022/2819/1305/t/10/assets/jquery.fancybox.minc705.css]
[cdn.shopify.com/s/files/1/0022/2819/1305/t/10/assets/threesixtyc705.css]
[cdn.shopify.com/s/files/1/0022/2819/1305/t/10/assets/fontsc705.css]
[cdn.shopify.com/s/files/1/0022/2819/1305/t/10/assets/stylec705.css]
[cdn.shopify.com/s/files/1/0022/2819/1305/t/10/assets/fix_stylec705.css]
[cdn.shopify.com/s/files/1/0022/2819/1305/t/10/assets/engo-customize.scssc705.css]
[cdn.shopify.com/s/files/1/0022/2819/1305/t/10/assets/umbgc705.css]
[cdn.shopify.com/s/assets/storefront/bars/preview_bar_injector-2e3b1ec6ae5e95d411b9d31d964c9fe97d9d775fcd4565a39968ae4e66f58adb.js]
[cdn.shopify.com/s/files/1/0022/2819/1305/t/10/assets/jquery-1.12.0.minc705.js]
[cdn.shopify.com/s/files/1/0022/2819/1305/t/10/assets/modernizr-2.8.3.minc705.js]
[cdn.shopify.com/s/files/1/0022/2819/1305/t/10/assets/loaderc705.gif]
[cdn.shopify.com/s/files/1/0022/2819/1305/products/single_498e6.jpg]
[cdn.shopify.com/s/files/1/0022/2819/1305/products/single_398e6.jpg]
[cdn.shopify.com/s/files/1/0022/2819/1305/products/single_298e6.jpg]
[cdn.shopify.com/s/files/1/0022/2819/1305/products/single_198e6.jpg]
[cdn.shopify.com/s/files/1/0022/2819/1305/t/10/assets/sizec705.png]
[cdn.shopify.com/s/files/1/0022/2819/1305/files/grey.f0c705.delayed]
[cdn.shopify.com/s/files/1/0022/2819/1305/files/whitec705.png]
[cdn.shopify.com/s/files/1/0022/2819/1305/files/yellowc705.png]
[cdn.shopify.com/s/files/1/0022/2819/1305/products/product_1_517b41b9-5559-4297-ae41-c50dd245a207b3f8.jpg]
[zoa-store-demo.myshopify.com/collections/new-arrival/products/thin-parka-with-hood.html]
[cdn.shopify.com/s/files/1/0022/2819/1305/products/product_2_e2360188-4647-460b-bd1a-690cbb07ac9ccabe.jpg]
[zoa-store-demo.myshopify.com/collections/new-arrival/products/jacket-with-pouch-pocket.html]
[cdn.shopify.com/s/files/1/0022/2819/1305/products/product_3_3d54ab8f-2aa0-4a4d-8b18-34448143151f7bce.jpg]
[cdn.shopify.com/s/files/1/0022/2819/1305/products/product_4_10811252-ebf5-40a2-89a9-65d46b65c78d68d8.jpg]
[zoa-store-demo.myshopify.com/collections/new-arrival/products/tencel-shirt.html]
[cdn.shopify.com/s/files/1/0022/2819/1305/products/product_5_4af34736-1e37-4692-927d-826a41da5f6e1c31.jpg]
[cdn.shopify.com/s/files/1/0022/2819/1305/products/product_6_e3933eda-15dc-4b01-be32-a344d823eabac50e.jpg]
[zoa-store-demo.myshopify.com/collections/new-arrival/products/ecologically-grown-cotton-t-shirt-1.html]
[cdn.shopify.com/s/files/1/0022/2819/1305/products/product_7_4352fcf1-cc30-4016-abbe-3048256874c47d6e.jpg]
[zoa-store-demo.myshopify.com/collections/new-arrival/products/hooded-raincoat.html]
[cdn.shopify.com/s/files/1/0022/2819/1305/products/product_8_b788beb3-ca8f-4ec1-a2bd-9d2e4826aed294e2.jpg]
[zoa-store-demo.myshopify.com/collections/new-arrival/products/ribbed-bodysuit.html]
[zoa-store-demo.myshopify.com/collections/new-arrival/products/cardigan.html]
[zoa-store-demo.myshopify.com/collections/new-arrival/products/brace-fun.html]
[cdn.shopify.com/s/files/1/0022/2819/1305/products/product_3_b64d6460-b306-499c-ab1b-dadc75b6d6cbaa7b.jpg]
[cdn.shopify.com/s/files/1/0022/2819/1305/files/f-logof92e.png]
[zoa-store-demo.myshopify.com/collections/new-arrival/products/sunglasses-ron.html]
[cdn.shopify.com/s/files/1/0022/2819/1305/t/10/assets/fastclickc705.js]
[cdn.shopify.com/s/files/1/0022/2819/1305/t/10/assets/jquery.currencies.minc705.js]
[cdn.shopify.com/s/files/1/0022/2819/1305/t/10/assets/timberc705.js]
[cdn.shopify.com/s/files/1/0022/2819/1305/t/10/assets/handlebars.minc705.js]
[cdn.shopify.com/s/files/1/0022/2819/1305/t/10/assets/ajax-cartc705.js]
[cdn.shopify.com/s/files/1/0022/2819/1305/t/10/assets/bootstrap.minc705.js]
[cdn.shopify.com/s/files/1/0022/2819/1305/t/10/assets/slickc705.js]
[cdn.shopify.com/s/files/1/0022/2819/1305/t/10/assets/owl.carousel.minc705.js]
[cdn.shopify.com/s/files/1/0022/2819/1305/t/10/assets/instafeed.minc705.js]
[cdn.shopify.com/s/files/1/0022/2819/1305/t/10/assets/masonry.pkgd.minc705.js]
[cdn.shopify.com/s/files/1/0022/2819/1305/t/10/assets/jquery.fancybox.minc705.js]
[cdn.shopify.com/s/files/1/0022/2819/1305/t/10/assets/countdownc705.js]
[cdn.shopify.com/s/files/1/0022/2819/1305/t/10/assets/jquery.umbgc705.js]
[cdn.shopify.com/s/files/1/0022/2819/1305/t/10/assets/threesixty.minc705.js]
[cdn.shopify.com/s/files/1/0022/2819/1305/t/10/assets/mainc705.js]
[cdn.shopify.com/s/files/1/0022/2819/1305/t/10/assets/engo-pluginsc705.js]
[cdn.shopify.com/s/files/1/0022/2819/1305/t/10/assets/quickviewc705.js]
[cdn.shopify.com/s/files/1/0022/2819/1305/t/10/assets/collectionc705.js]
[cdn.shopify.com/s/files/1/0022/2819/1305/t/10/assets/engo-scriptsc705.js]
[cdn.shopify.com/s/files/1/0022/2819/1305/t/10/assets/engo-autocomplatec705.js]
[zoa-store-demo.myshopify.com/products/win-shirts.html]
[cdn.shopify.com/s/files/1/0022/2819/1305/t/6/assets/faviconc705.png]
[cdn.shopify.com/s/files/1/0022/2819/1305/t/6/assets/icon-for-mobilec705.png]
[cdn.shopify.com/s/files/1/0022/2819/1305/t/6/assets/icon-for-mobile_57x57c705.png]
[cdn.shopify.com/s/files/1/0022/2819/1305/t/6/assets/icon-for-mobile_60x60c705.png]
[cdn.shopify.com/s/files/1/0022/2819/1305/t/6/assets/icon-for-mobile_72x72c705.png]
[cdn.shopify.com/s/files/1/0022/2819/1305/t/6/assets/icon-for-mobile_76x76c705.png]
[cdn.shopify.com/s/files/1/0022/2819/1305/t/6/assets/icon-for-mobile_114x114c705.png]
[cdn.shopify.com/s/files/1/0022/2819/1305/t/6/assets/icon-for-mobile_120x120c705.png]
[cdn.shopify.com/s/files/1/0022/2819/1305/t/6/assets/icon-for-mobile_144x144c705.png]
[cdn.shopify.com/s/files/1/0022/2819/1305/t/6/assets/icon-for-mobile_152x152c705.png]
[cdn.shopify.com/s/files/1/0022/2819/1305/products/product_2_9314f1f0-fdf9-4146-84dd-146b1764f8e4_grande55bc.jpg]
[cdn.shopify.com/s/files/1/0022/2819/1305/products/product_2_9314f1f0-fdf9-4146-84dd-146b1764f8e4_medium55bc.jpg]
[cdn.shopify.com/s/files/1/0022/2819/1305/t/6/assets/timber.scssc705.css]
[cdn.shopify.com/s/files/1/0022/2819/1305/t/6/assets/font-awesome.minc705.css]
[cdn.shopify.com/s/files/1/0022/2819/1305/t/6/assets/simple-line-iconsc705.css]
[cdn.shopify.com/s/files/1/0022/2819/1305/t/6/assets/ionicons.minc705.css]
[cdn.shopify.com/s/files/1/0022/2819/1305/t/6/assets/zoa-fontc705.css]
[cdn.shopify.com/s/files/1/0022/2819/1305/t/6/assets/slickc705.css]
[cdn.shopify.com/s/files/1/0022/2819/1305/t/6/assets/slick-themec705.css]
[cdn.shopify.com/s/files/1/0022/2819/1305/t/6/assets/owl.carousel.minc705.css]
[cdn.shopify.com/s/files/1/0022/2819/1305/t/6/assets/owl.theme.default.minc705.css]
[cdn.shopify.com/s/files/1/0022/2819/1305/t/6/assets/jquery.fancybox.minc705.css]
[cdn.shopify.com/s/files/1/0022/2819/1305/t/6/assets/threesixtyc705.css]
[cdn.shopify.com/s/files/1/0022/2819/1305/t/6/assets/fontsc705.css]
[cdn.shopify.com/s/files/1/0022/2819/1305/t/6/assets/stylec705.css]
[cdn.shopify.com/s/files/1/0022/2819/1305/t/6/assets/fix_stylec705.css]
[cdn.shopify.com/s/files/1/0022/2819/1305/t/6/assets/engo-customize.scssc705.css]
[cdn.shopify.com/s/files/1/0022/2819/1305/t/6/assets/umbgc705.css]
[zoa-store-demo.myshopify.com/products/mens-boxes.oembed]
[cdn.shopify.com/s/files/1/0022/2819/1305/t/6/assets/jquery-1.12.0.minc705.js]
[cdn.shopify.com/s/files/1/0022/2819/1305/t/6/assets/modernizr-2.8.3.minc705.js]
[cdn.shopify.com/s/files/1/0022/2819/1305/t/6/assets/loaderc705.gif]
[cdn.shopify.com/s/files/1/0022/2819/1305/products/product_2_9314f1f0-fdf9-4146-84dd-146b1764f8e455bc.jpg]
[zoa-store-demo.myshopify.com/collections/mens.html]
[zoa-store-demo.myshopify.com/collections/allca56.html]
[zoa-store-demo.myshopify.com/collections/alla2af.html]
[zoa-store-demo.myshopify.com/collections/allc01e.html]
[zoa-store-demo.myshopify.com/collections/all175e.html]
[zoa-store-demo.myshopify.com/collections/allc98b.html]
[cdn.shopify.com/s/files/1/0022/2819/1305/products/product_11d909.jpg]
[zoa-store-demo.myshopify.com/collections/mens/products/hat-lifestyle.html]
[cdn.shopify.com/s/files/1/0022/2819/1305/products/product_9c3a5.jpg]
[zoa-store-demo.myshopify.com/collections/mens/products/casual-short.html]
[zoa-store-demo.myshopify.com/collections/mens/products/sock-cirus.html]
[cdn.shopify.com/s/files/1/0022/2819/1305/products/product_8cf54.jpg]
[zoa-store-demo.myshopify.com/collections/mens/products/tank-top-white.html]
[cdn.shopify.com/s/files/1/0022/2819/1305/products/product_78392.jpg]
[zoa-store-demo.myshopify.com/collections/mens/products/mens-beach-short.html]
[zoa-store-demo.myshopify.com/collections/mens/products/dad-t-shirts.html]
[cdn.shopify.com/s/files/1/0022/2819/1305/products/product_4_641995eb-cfcb-4e70-8ca1-68cb781211210975.jpg]
[zoa-store-demo.myshopify.com/collections/mens/products/zoa-hoodie.html]
[cdn.shopify.com/s/files/1/0022/2819/1305/products/product_3_77ef8541-7bec-4cd9-8dd0-60eedce5a41acdb5.jpg]
[zoa-store-demo.myshopify.com/collections/mens/products/zoa-sweaters.html]
[cdn.shopify.com/s/files/1/0022/2819/1305/products/product_1c9d2.jpg]
[zoa-store-demo.myshopify.com/collections/mens/products/mens-tank-top.html]
[cdn.shopify.com/s/files/1/0022/2819/1305/t/6/assets/jquery.currencies.minc705.js]
[cdn.shopify.com/s/files/1/0022/2819/1305/t/6/assets/fastclickc705.js]
[cdn.shopify.com/s/files/1/0022/2819/1305/t/6/assets/timberc705.js]
[cdn.shopify.com/s/files/1/0022/2819/1305/t/6/assets/ajax-cartc705.js]
[cdn.shopify.com/s/files/1/0022/2819/1305/t/6/assets/handlebars.minc705.js]
[cdn.shopify.com/s/files/1/0022/2819/1305/t/6/assets/bootstrap.minc705.js]
[cdn.shopify.com/s/files/1/0022/2819/1305/t/6/assets/owl.carousel.minc705.js]
[cdn.shopify.com/s/files/1/0022/2819/1305/t/6/assets/slickc705.js]
[cdn.shopify.com/s/files/1/0022/2819/1305/t/6/assets/instafeed.minc705.js]
[cdn.shopify.com/s/files/1/0022/2819/1305/t/6/assets/masonry.pkgd.minc705.js]
[cdn.shopify.com/s/files/1/0022/2819/1305/t/6/assets/countdownc705.js]
[cdn.shopify.com/s/files/1/0022/2819/1305/t/6/assets/jquery.fancybox.minc705.js]
[cdn.shopify.com/s/files/1/0022/2819/1305/t/6/assets/threesixty.minc705.js]
[cdn.shopify.com/s/files/1/0022/2819/1305/t/6/assets/mainc705.js]
[cdn.shopify.com/s/files/1/0022/2819/1305/t/6/assets/jquery.umbgc705.js]
[cdn.shopify.com/s/files/1/0022/2819/1305/t/6/assets/collectionc705.js]
[cdn.shopify.com/s/files/1/0022/2819/1305/t/6/assets/quickviewc705.js]
[cdn.shopify.com/s/files/1/0022/2819/1305/t/6/assets/engo-scriptsc705.js]
[zoa-store-demo.myshopify.com/products/mens-boxes.html]
[cdn.shopify.com/s/files/1/0022/2819/1305/t/6/assets/engo-autocomplatec705.js]
[cdn.shopify.com/s/files/1/0022/2819/1305/t/6/assets/engo-pluginsc705.js]
[zoa-store-demo.myshopify.com/collections/trend.html]
[zoa-store-demo.myshopify.com/collections/new-arrival.html]
[zoa-store-demo.myshopify.com/collections/trend/products/aenean-consequat-sagittis.html]
[zoa-store-demo.myshopify.com/collections/trend/products/donec-fringilla.html]
[zoa-store-demo.myshopify.com/collections/trend/products/wide-pants.html]
[zoa-store-demo.myshopify.com/collections/trend/products/womens-sunglasses.html]
[zoa-store-demo.myshopify.com/collections/trend/products/win-shirts.html]
[cdn.shopify.com/s/files/1/0022/2819/1305/products/product_6_c7dc9d7e-1e78-4e83-be8f-c06bd4c40b0c_grande49f1.jpg]
[zoa-store-demo.myshopify.com/collections/trend/products/libero-quis.html]
[cdn.shopify.com/s/files/1/0022/2819/1305/products/product_11_a6ab33de-a85c-456d-84ed-b16f2842d483_grandece82.jpg]
[cdn.shopify.com/s/files/1/0022/2819/1305/products/product_19_grande8acb.jpg]
[cdn.shopify.com/s/files/1/0022/2819/1305/products/product_6_c7dc9d7e-1e78-4e83-be8f-c06bd4c40b0c_medium49f1.jpg]
[zoa-store-demo.myshopify.com/products/snap-cap.oembed]
[cdn.shopify.com/s/files/1/0022/2819/1305/products/product_6_c7dc9d7e-1e78-4e83-be8f-c06bd4c40b0c49f1.jpg]
[cdn.shopify.com/s/files/1/0022/2819/1305/products/product_11_a6ab33de-a85c-456d-84ed-b16f2842d483ce82.jpg]
[cdn.shopify.com/s/files/1/0022/2819/1305/products/product_198acb.jpg]
[cdn.shopify.com/s/files/1/0022/2819/1305/files/black.176c705.delayed]
[cdn.shopify.com/s/files/1/0022/2819/1305/files/redc705.png]
[zoa-store-demo.myshopify.com/collections/zoas-accessories.html]
[zoa-store-demo.myshopify.com/collections/alla27e.html]
[cdn.shopify.com/s/files/1/0022/2819/1305/products/product_1_0f51963b-5c37-4b5c-8b31-20bcc16295de283e.jpg]
[zoa-store-demo.myshopify.com/collections/zoas-accessories/products/red-belt.html]
[cdn.shopify.com/s/files/1/0022/2819/1305/products/product_2_ecb5dc3a-7f26-4161-a454-0616f8e5655780bf.jpg]
[zoa-store-demo.myshopify.com/collections/zoas-accessories/products/watches-co.html]
[cdn.shopify.com/s/files/1/0022/2819/1305/products/product_4_eacdf0db-9987-40b1-aa8c-6438878b1ddbef95.jpg]
[zoa-store-demo.myshopify.com/collections/zoas-accessories/products/sunglasses-ron.html]
[zoa-store-demo.myshopify.com/collections/zoas-accessories/products/sneaker-high-top.html]
[zoa-store-demo.myshopify.com/collections/zoas-accessories/products/brace-fun.html]
[zoa-store-demo.myshopify.com/products/snap-cap.html]
[cdn.shopify.com/s/files/1/0022/2819/1305/products/product_1b_grande08ac.jpg]
[zoa-store-demo.myshopify.com/collections/zoas-accessories/products/cardigan.html]
[cdn.shopify.com/s/files/1/0022/2819/1305/products/product_1b_medium08ac.jpg]
[zoa-store-demo.myshopify.com/products/aenean-consequat-sagittis.oembed]
[zoa-store-demo.myshopify.com/products/aenean-consequat-sagittis.html]
[zoa-store-demo.myshopify.com/collections.html]
[zoa-store-demo.myshopify.com/pages/about-us.html]
[zoa-store-demo.myshopify.com/pages/contact-us.html]
[zoa-store-demo.myshopify.com/pages/faqs/indexa51d.html]
[zoa-store-demo.myshopify.com/pages/not_found.html]
[zoa-store-demo.myshopify.com/blogs/news.html]
[zoa-store-demo.myshopify.com/blogs/news2/8-fashion-photographers-in-uk.html]
[cdn.shopify.com/s/files/1/0022/2819/1305/t/6/assets/logoc705.png]
[cdn.shopify.com/s/assets/themes_support/shopify_common-040322ee69221c50a47032355f2f7e6cbae505567e2157d53dfb0a2e7701839c.js]
[zoa-store-demo.myshopify.com/account/login.html]
[zoa-store-demo.myshopify.com/account/register.html]
[zoa-store-demo.myshopify.com/pages/wishlist.html]
[zoa-store-demo.myshopify.com/products/win-shirts329f.html]
[zoa-store-demo.myshopify.com/products/win-shirts817f.html]
[zoa-store-demo.myshopify.com/collections/bags-collection.html]
[zoa-store-demo.myshopify.com/collections/frontpage.atom]
[zoa-store-demo.myshopify.com/collections/frontpage4658.html]
[zoa-store-demo.myshopify.com/collections/frontpage.oembed]
[cdn.shopify.com/s/files/1/0022/2819/1305/products/product_8_b93dd13f-d968-4e8d-a8f5-a07293ecf659610e.jpg]
[zoa-store-demo.myshopify.com/collections/frontpage/products/top-shirt.html]
[zoa-store-demo.myshopify.com/collections/frontpage/products/tank-top-white.html]
[cdn.shopify.com/s/files/1/0022/2819/1305/products/product_7_8fe3a6f0-d035-479c-9c7d-36ebfd667ffe20fd.jpg]
[zoa-store-demo.myshopify.com/collections/frontpage/products/t-shirt-v-neck.html]
[zoa-store-demo.myshopify.com/collections/frontpage/products/mens-beach-short.html]
[cdn.shopify.com/s/files/1/0022/2819/1305/products/product_18ab19.jpg]
[zoa-store-demo.myshopify.com/collections/frontpage/products/long-sleeve-top.html]
[zoa-store-demo.myshopify.com/collections/frontpage/products/hat-lifestyle.html]
[zoa-store-demo.myshopify.com/collections/frontpage/products/cardigan.html]
[zoa-store-demo.myshopify.com/collections/frontpage.html]
[zoa-store-demo.myshopify.com/collections/frontpage/products/libero-quis.html]
[zoa-store-demo.myshopify.com/collections/kids.atom]
[zoa-store-demo.myshopify.com/collections/kids.html]
[zoa-store-demo.myshopify.com/cart.html]
[cdn.shopify.com/s/files/1/0022/2819/1305/files/single_blog_2e9d9.jpg]
[cdn.shopify.com/s/files/1/0022/2819/1305/articles/blog_list_18825.jpg]
[zoa-store-demo.myshopify.com/blogs/news/tagged/landing.html]
[zoa-store-demo.myshopify.com/blogs/news/tagged/news.html]
[zoa-store-demo.myshopify.com/blogs/news/men-streets-style.html]
[zoa-store-demo.myshopify.com/blogs/news/beautiful-blue-eyes.html]
[cdn.shopify.com/s/files/1/0022/2819/1305/products/product_2_grande4904.jpg]
[cdn.shopify.com/s/files/1/0022/2819/1305/products/product_2_medium4904.jpg]
[zoa-store-demo.myshopify.com/products/donec-fringilla.html]
[cdn.shopify.com/s/files/1/0022/2819/1305/products/product_3_grandea9fd.jpg]
[cdn.shopify.com/s/files/1/0022/2819/1305/products/product_3_mediuma9fd.jpg]
[zoa-store-demo.myshopify.com/products/wide-pants.html]
[cdn.shopify.com/s/files/1/0022/2819/1305/products/product_4_grande47a1.jpg]
[cdn.shopify.com/s/files/1/0022/2819/1305/products/product_4_medium47a1.jpg]
[zoa-store-demo.myshopify.com/products/womens-sunglasses.oembed]
[zoa-store-demo.myshopify.com/products/womens-sunglasses.html]
[cdn.shopify.com/s/files/1/0022/2819/1305/products/product_6_grande24fd.jpg]
[cdn.shopify.com/s/files/1/0022/2819/1305/products/product_6_medium24fd.jpg]
[zoa-store-demo.myshopify.com/products/libero-quis.html]
[cdn.shopify.com/s/files/1/0022/2819/1305/t/3/assets/iconsf81b.html]
[cdn.shopify.com/s/files/1/0022/2819/1305/t/3/assets/iconsf81b-2.html]
[cdn.shopify.com/s/files/1/0022/2819/1305/t/3/assets/iconsf81b-3.html]
[cdn.shopify.com/s/files/1/0022/2819/1305/t/3/assets/iconsf81b-4.html]
[cdn.shopify.com/s/files/1/0022/2819/1305/t/3/assets/fontawesome-webfont3e6e.svg]
[cdn.shopify.com/s/files/1/0022/2819/1305/t/3/assets/Simple-Line-Iconsb26c.svg]
[cdn.shopify.com/s/files/1/0022/2819/1305/t/3/assets/ionicons28b5.svg]
[cdn.shopify.com/s/files/1/0022/2819/1305/t/3/assets/zoa.html]
[cdn.shopify.com/s/files/1/0022/2819/1305/t/3/assets/zoa-2.html]
[cdn.shopify.com/s/files/1/0022/2819/1305/t/3/assets/zoa-3.html]
[cdn.shopify.com/s/files/1/0022/2819/1305/t/3/assets/slick.html]
[cdn.shopify.com/s/files/1/0022/2819/1305/t/3/assets/slickd41d.html]
[cdn.shopify.com/s/files/1/0022/2819/1305/t/3/assets/slick-2.html]
[cdn.shopify.com/s/files/1/0022/2819/1305/t/3/assets/owl.video.play.html]
[cdn.shopify.com/s/files/1/0022/2819/1305/t/3/img/sprites.html]
[cdn.shopify.com/s/files/1/0022/2819/1305/t/3/assets/fonts.css]
[cdn.shopify.com/s/files/1/0022/2819/1305/t/3/img/megamenu/home-bg.html]
[cdn.shopify.com/s/files/1/0022/2819/1305/t/3/img/megamenu/tv-bg.html]
[cdn.shopify.com/s/files/1/0022/2819/1305/t/3/img/megamenu/phone-bg.html]
[cdn.shopify.com/s/files/1/0022/2819/1305/t/3/img/megamenu/headphone-bg.html]
[cdn.shopify.com/s/files/1/0022/2819/1305/t/3/images/banner/img-banner-head01.html]
[cdn.shopify.com/s/files/1/0022/2819/1305/t/3/images/banner/img-banner-head02.html]
[cdn.shopify.com/s/files/1/0022/2819/1305/t/3/images/banner/img-banner-head03.html]
[cdn.shopify.com/s/files/1/0022/2819/1305/t/3/images/banner/img-banner-head04.html]
[cdn.shopify.com/s/files/1/0022/2819/1305/t/3/img/home6/testimonial-bg.html]
[cdn.shopify.com/s/files/1/0022/2819/1305/t/3/img/contact_bg.html]
[cdn.shopify.com/s/files/1/0022/2819/1305/t/3/img/grid.html]
[cdn.shopify.com/s/files/1/0022/2819/1305/t/3/img/list.html]
[zoa-store-demo.myshopify.com/collections/all4658.html]
[zoa-store-demo.myshopify.com/collections/vendors1678.html]
[zoa-store-demo.myshopify.com/collections/vendorsf66b.html]
[zoa-store-demo.myshopify.com/collections/vendors1183.html]
[zoa-store-demo.myshopify.com/collections/manual.html]
[zoa-store-demo.myshopify.com/collections/best-selling.html]
[zoa-store-demo.myshopify.com/collections/title-ascending.html]
[zoa-store-demo.myshopify.com/collections/title-descending.html]
[zoa-store-demo.myshopify.com/collections/price-descending.html]
[zoa-store-demo.myshopify.com/collections/price-ascending.html]
[zoa-store-demo.myshopify.com/collections/created-ascending.html]
[zoa-store-demo.myshopify.com/collections/created-descending.html]
[zoa-store-demo.myshopify.com/products/baby-cutting-jeans.html]
[zoa-store-demo.myshopify.com/products/baby-hat.html]
[zoa-store-demo.myshopify.com/products/baby-long-sheeve.html]
[zoa-store-demo.myshopify.com/products/baby-sneakers.html]
[zoa-store-demo.myshopify.com/products/baby-t-shirts.html]
[zoa-store-demo.myshopify.com/products/baby-totes.html]
[zoa-store-demo.myshopify.com/products/back-pack.html]
[cdn.shopify.com/s/files/1/0022/2819/1305/products/product_5_9c46a911-13a7-481d-8aae-519419df5758_grandea3d0.jpg]
[zoa-store-demo.myshopify.com/products/thin-parka-with-hood.html]
[cdn.shopify.com/s/files/1/0022/2819/1305/products/product_5_9c46a911-13a7-481d-8aae-519419df5758_mediuma3d0.jpg]
[zoa-store-demo.myshopify.com/products/brace-fun.html]
[zoa-store-demo.myshopify.com/products/cardigan.html]
[zoa-store-demo.myshopify.com/products/casual-short.html]
[zoa-store-demo.myshopify.com/products/dad-t-shirts.html]
[zoa-store-demo.myshopify.com/collections/all9ba9.html]
[cdn.shopify.com/s/files/1/0022/2819/1305/products/product_10_77af6932-12f2-448c-a8a8-00f1409613cfe0d2.jpg]
[cdn.shopify.com/s/files/1/0022/2819/1305/products/product_154064.jpg]
[zoa-store-demo.myshopify.com/collections/allfdb0.html]
[cdn.shopify.com/s/files/1/0022/2819/1305/t/10/assets/iconsb050.eot]
[cdn.shopify.com/s/files/1/0022/2819/1305/t/10/assets/iconsb050.woff]
[cdn.shopify.com/s/files/1/0022/2819/1305/t/10/assets/iconsb050.ttf]
[cdn.shopify.com/s/files/1/0022/2819/1305/t/10/assets/iconsb050.svg]
[cdn.shopify.com/s/files/1/0022/2819/1305/t/10/assets/timber.scssc705.css]
[cdn.shopify.com/s/files/1/0022/2819/1305/t/10/assets/fontawesome-webfont3e6e.woff2]
[cdn.shopify.com/s/files/1/0022/2819/1305/t/10/assets/fontawesome-webfont3e6e.woff]
[cdn.shopify.com/s/files/1/0022/2819/1305/t/10/assets/fontawesome-webfont3e6e.eot]
[cdn.shopify.com/s/files/1/0022/2819/1305/t/10/assets/fontawesome-webfont3e6e.ttf]
[cdn.shopify.com/s/files/1/0022/2819/1305/t/10/assets/fontawesome-webfontd41d.eot]
[cdn.shopify.com/s/files/1/0022/2819/1305/t/10/assets/font-awesome.minc705.css]
[cdn.shopify.com/s/files/1/0022/2819/1305/t/10/assets/fontawesome-webfont3e6e.svg]
[cdn.shopify.com/s/files/1/0022/2819/1305/t/10/assets/Simple-Line-Iconsb26c.woff2]
[cdn.shopify.com/s/files/1/0022/2819/1305/t/10/assets/Simple-Line-Iconsb26c.ttf]
[cdn.shopify.com/s/files/1/0022/2819/1305/t/10/assets/Simple-Line-Iconsb26c.eot]
[cdn.shopify.com/s/files/1/0022/2819/1305/t/10/assets/Simple-Line-Iconsb26c.woff]
[cdn.shopify.com/s/files/1/0022/2819/1305/t/10/assets/Simple-Line-Iconsb26c.svg]
[cdn.shopify.com/s/files/1/0022/2819/1305/t/10/assets/simple-line-iconsc705.css]
[cdn.shopify.com/s/files/1/0022/2819/1305/t/10/assets/ionicons28b5.ttf]
[cdn.shopify.com/s/files/1/0022/2819/1305/t/10/assets/ionicons28b5.woff]
[cdn.shopify.com/s/files/1/0022/2819/1305/t/10/assets/ionicons28b5.eot]
[cdn.shopify.com/s/files/1/0022/2819/1305/t/10/assets/ionicons.minc705.css]
[cdn.shopify.com/s/files/1/0022/2819/1305/t/10/assets/ionicons28b5.svg]
[cdn.shopify.com/s/files/1/0022/2819/1305/t/10/assets/zoa.eot]
[cdn.shopify.com/s/files/1/0022/2819/1305/t/10/assets/zoa.ttf]
[cdn.shopify.com/s/files/1/0022/2819/1305/t/10/assets/zoa.woff]
[cdn.shopify.com/s/files/1/0022/2819/1305/t/10/assets/zoa.svg]
[cdn.shopify.com/s/files/1/0022/2819/1305/t/10/assets/zoa-fontc705.css]
[cdn.shopify.com/s/files/1/0022/2819/1305/t/10/assets/slickc705.css]
[cdn.shopify.com/s/files/1/0022/2819/1305/t/10/assets/ajax-loader.gif]
[cdn.shopify.com/s/files/1/0022/2819/1305/t/10/assets/slick.eot]
[cdn.shopify.com/s/files/1/0022/2819/1305/t/10/assets/slickd41d.eot]
[cdn.shopify.com/s/files/1/0022/2819/1305/t/10/assets/slick.woff]
[cdn.shopify.com/s/files/1/0022/2819/1305/t/10/assets/slick.ttf]
[cdn.shopify.com/s/files/1/0022/2819/1305/t/10/assets/slick.svg]
[cdn.shopify.com/s/files/1/0022/2819/1305/t/10/assets/slick-themec705.css]
[cdn.shopify.com/s/files/1/0022/2819/1305/t/10/assets/owl.video.play.png]
[cdn.shopify.com/s/files/1/0022/2819/1305/t/10/assets/owl.carousel.minc705.css]
[cdn.shopify.com/s/files/1/0022/2819/1305/t/10/assets/owl.theme.default.minc705.css]
[cdn.shopify.com/s/files/1/0022/2819/1305/t/10/assets/jquery.fancybox.minc705.css]
[cdn.shopify.com/s/files/1/0022/2819/1305/t/10/img/sprites.png]
[cdn.shopify.com/s/files/1/0022/2819/1305/t/10/assets/threesixtyc705.css]
[cdn.shopify.com/s/files/1/0022/2819/1305/t/10/assets/Eina03-Bold.ttf]
[cdn.shopify.com/s/files/1/0022/2819/1305/t/10/assets/Eina03-Light.ttf]
[cdn.shopify.com/s/files/1/0022/2819/1305/t/10/assets/Eina03-SemiBold.ttf]
[cdn.shopify.com/s/files/1/0022/2819/1305/t/10/assets/Eina03-Regular.ttf]
[cdn.shopify.com/s/files/1/0022/2819/1305/t/10/assets/Mind_Blowing_Alt.ttf]
[cdn.shopify.com/s/files/1/0022/2819/1305/t/10/assets/fontsc705.css]
[cdn.shopify.com/s/files/1/0022/2819/1305/t/10/assets/fonts.css]
[cdn.shopify.com/s/files/1/0022/2819/1305/t/10/assets/retange.png]
[cdn.shopify.com/s/files/1/0022/2819/1305/t/10/assets/dot.png]
[cdn.shopify.com/s/files/1/0022/2819/1305/t/10/assets/active_dot.png]
[cdn.shopify.com/s/files/1/0022/2819/1305/t/10/img/megamenu/home-bg.jpg]
[cdn.shopify.com/s/files/1/0022/2819/1305/t/10/img/megamenu/tv-bg.jpg]
[cdn.shopify.com/s/files/1/0022/2819/1305/t/10/img/megamenu/phone-bg.jpg]
[cdn.shopify.com/s/files/1/0022/2819/1305/t/10/img/megamenu/headphone-bg.jpg]
[cdn.shopify.com/s/files/1/0022/2819/1305/t/10/images/banner/img-banner-head01.jpg]
[cdn.shopify.com/s/files/1/0022/2819/1305/t/10/images/banner/img-banner-head02.jpg]
[cdn.shopify.com/s/files/1/0022/2819/1305/t/10/images/banner/img-banner-head03.jpg]
[cdn.shopify.com/s/files/1/0022/2819/1305/t/10/images/banner/img-banner-head04.jpg]
[cdn.shopify.com/s/files/1/0022/2819/1305/t/10/img/home6/testimonial-bg.png]
[cdn.shopify.com/s/files/1/0022/2819/1305/t/10/img/contact_bg.png]
[cdn.shopify.com/s/files/1/0022/2819/1305/t/10/img/grid.png]
[cdn.shopify.com/s/files/1/0022/2819/1305/t/10/img/list.png]
[cdn.shopify.com/s/files/1/0022/2819/1305/t/10/assets/stylec705.css]
[cdn.shopify.com/s/files/1/0022/2819/1305/t/10/assets/fix_stylec705.css]
[cdn.shopify.com/s/files/1/0022/2819/1305/t/10/assets/engo-customize.scssc705.css]
[cdn.shopify.com/s/files/1/0022/2819/1305/t/10/assets/umbgc705.css]
[zoa-store-demo.myshopify.com/products/win-shirts-2.html]
[cdn.shopify.com/s/files/1/0022/2819/1305/files/greyc705.html]
[cdn.shopify.com/s/files/1/0022/2819/1305/files/whitec705.html]
[cdn.shopify.com/s/files/1/0022/2819/1305/files/yellowc705.html]
[cdn.shopify.com/s/files/1/0022/2819/1305/products/product_1_517b41b9-5559-4297-ae41-c50dd245a207_grandeb3f8.jpg]
[cdn.shopify.com/s/files/1/0022/2819/1305/products/product_1_517b41b9-5559-4297-ae41-c50dd245a207_mediumb3f8.jpg]
[zoa-store-demo.myshopify.com/products/thin-parka-with-hood.oembed]
[zoa-store-demo.myshopify.com/collections/new-arrival/products/thin-parka-with-hood.html]
[cdn.shopify.com/s/files/1/0022/2819/1305/products/product_2_e2360188-4647-460b-bd1a-690cbb07ac9c_grandecabe.jpg]
[cdn.shopify.com/s/files/1/0022/2819/1305/products/product_2_e2360188-4647-460b-bd1a-690cbb07ac9c_mediumcabe.jpg]
[zoa-store-demo.myshopify.com/products/jacket-with-pouch-pocket.html]
[zoa-store-demo.myshopify.com/products/jacket-with-pouch-pocket.oembed]
[zoa-store-demo.myshopify.com/collections/new-arrival/products/jacket-with-pouch-pocket.html]
[zoa-store-demo.myshopify.com/collections/new-arrival/products/ecologically-grown-cotton-t-shirt.html]
[cdn.shopify.com/s/files/1/0022/2819/1305/products/product_4_10811252-ebf5-40a2-89a9-65d46b65c78d_grande68d8.jpg]
[zoa-store-demo.myshopify.com/products/tencel-shirt.html]
[cdn.shopify.com/s/files/1/0022/2819/1305/products/product_4_10811252-ebf5-40a2-89a9-65d46b65c78d_medium68d8.jpg]
[zoa-store-demo.myshopify.com/products/tencel-shirt.oembed]
[zoa-store-demo.myshopify.com/collections/new-arrival/products/tencel-shirt.html]
[zoa-store-demo.myshopify.com/collections/new-arrival/products/long-sleeves-shirt.html]
[cdn.shopify.com/s/files/1/0022/2819/1305/products/product_6_e3933eda-15dc-4b01-be32-a344d823eaba_grandec50e.jpg]
[zoa-store-demo.myshopify.com/products/ecologically-grown-cotton-t-shirt-1.html]
[cdn.shopify.com/s/files/1/0022/2819/1305/products/product_6_e3933eda-15dc-4b01-be32-a344d823eaba_mediumc50e.jpg]
[zoa-store-demo.myshopify.com/products/ecologically-grown-cotton-t-shirt-1.oembed]
[zoa-store-demo.myshopify.com/collections/new-arrival/products/ecologically-grown-cotton-t-shirt-1.html]
[cdn.shopify.com/s/files/1/0022/2819/1305/products/product_7_4352fcf1-cc30-4016-abbe-3048256874c4_grande7d6e.jpg]
[zoa-store-demo.myshopify.com/products/hooded-raincoat.html]
[cdn.shopify.com/s/files/1/0022/2819/1305/products/product_7_4352fcf1-cc30-4016-abbe-3048256874c4_medium7d6e.jpg]
[zoa-store-demo.myshopify.com/products/hooded-raincoat.oembed]
[zoa-store-demo.myshopify.com/collections/new-arrival/products/hooded-raincoat.html]
[cdn.shopify.com/s/files/1/0022/2819/1305/products/product_8_b788beb3-ca8f-4ec1-a2bd-9d2e4826aed2_grande94e2.jpg]
[zoa-store-demo.myshopify.com/products/ribbed-bodysuit.html]
[cdn.shopify.com/s/files/1/0022/2819/1305/products/product_8_b788beb3-ca8f-4ec1-a2bd-9d2e4826aed2_medium94e2.jpg]
[zoa-store-demo.myshopify.com/collections/new-arrival/products/ribbed-bodysuit.html]
[cdn.shopify.com/s/files/1/0022/2819/1305/products/product_17_grandea4fd.jpg]
[cdn.shopify.com/s/files/1/0022/2819/1305/products/product_17_mediuma4fd.jpg]
[zoa-store-demo.myshopify.com/products/cardigan.oembed]
[zoa-store-demo.myshopify.com/collections/new-arrival/products/cardigan.html]
[zoa-store-demo.myshopify.com/collections/new-arrival/products/brace-fun.html]
[cdn.shopify.com/s/files/1/0022/2819/1305/products/product_3_b64d6460-b306-499c-ab1b-dadc75b6d6cb_grandeaa7b.jpg]
[cdn.shopify.com/s/files/1/0022/2819/1305/products/product_3_b64d6460-b306-499c-ab1b-dadc75b6d6cb_mediumaa7b.jpg]
[zoa-store-demo.myshopify.com/collections/new-arrival/products/sunglasses-ron.html]
[cdn.shopify.com/s/files/1/0022/2819/1305/t/6/assets/icons746a.eot]
[cdn.shopify.com/s/files/1/0022/2819/1305/t/6/assets/icons746a.woff]
[cdn.shopify.com/s/files/1/0022/2819/1305/t/6/assets/icons746a.ttf]
[cdn.shopify.com/s/files/1/0022/2819/1305/t/6/assets/icons746a.svg]
[cdn.shopify.com/s/files/1/0022/2819/1305/t/6/assets/timber.scssc705.css]
[cdn.shopify.com/s/files/1/0022/2819/1305/t/6/assets/fontawesome-webfont3e6e.woff2]
[cdn.shopify.com/s/files/1/0022/2819/1305/t/6/assets/fontawesome-webfont3e6e.woff]
[cdn.shopify.com/s/files/1/0022/2819/1305/t/6/assets/fontawesome-webfont3e6e.eot]
[cdn.shopify.com/s/files/1/0022/2819/1305/t/6/assets/fontawesome-webfont3e6e.ttf]
[cdn.shopify.com/s/files/1/0022/2819/1305/t/6/assets/fontawesome-webfont3e6e.svg]
[cdn.shopify.com/s/files/1/0022/2819/1305/t/6/assets/font-awesome.minc705.css]
[cdn.shopify.com/s/files/1/0022/2819/1305/t/6/assets/fontawesome-webfontd41d.eot]
[cdn.shopify.com/s/files/1/0022/2819/1305/t/6/assets/Simple-Line-Iconsb26c.woff2]
[cdn.shopify.com/s/files/1/0022/2819/1305/t/6/assets/Simple-Line-Iconsb26c.ttf]
[cdn.shopify.com/s/files/1/0022/2819/1305/t/6/assets/Simple-Line-Iconsb26c.eot]
[cdn.shopify.com/s/files/1/0022/2819/1305/t/6/assets/Simple-Line-Iconsb26c.woff]
[cdn.shopify.com/s/files/1/0022/2819/1305/t/6/assets/Simple-Line-Iconsb26c.svg]
[cdn.shopify.com/s/files/1/0022/2819/1305/t/6/assets/simple-line-iconsc705.css]
[cdn.shopify.com/s/files/1/0022/2819/1305/t/6/assets/ionicons28b5.ttf]
[cdn.shopify.com/s/files/1/0022/2819/1305/t/6/assets/ionicons28b5.eot]
[cdn.shopify.com/s/files/1/0022/2819/1305/t/6/assets/ionicons28b5.woff]
[cdn.shopify.com/s/files/1/0022/2819/1305/t/6/assets/ionicons.minc705.css]
[cdn.shopify.com/s/files/1/0022/2819/1305/t/6/assets/ionicons28b5.svg]
[cdn.shopify.com/s/files/1/0022/2819/1305/t/6/assets/zoa.22a.delayed]
[cdn.shopify.com/s/files/1/0022/2819/1305/t/6/assets/zoa.ttf]
[cdn.shopify.com/s/files/1/0022/2819/1305/t/6/assets/zoa.woff]
[cdn.shopify.com/s/files/1/0022/2819/1305/t/6/assets/zoa.svg]
[cdn.shopify.com/s/files/1/0022/2819/1305/t/6/assets/zoa-fontc705.css]
[cdn.shopify.com/s/files/1/0022/2819/1305/t/6/assets/slickc705.css]
[cdn.shopify.com/s/files/1/0022/2819/1305/t/6/assets/ajax-loader.gif]
[cdn.shopify.com/s/files/1/0022/2819/1305/t/6/assets/slick.eot]
[cdn.shopify.com/s/files/1/0022/2819/1305/t/6/assets/slickd41d.eot]
[cdn.shopify.com/s/files/1/0022/2819/1305/t/6/assets/slick.woff]
[cdn.shopify.com/s/files/1/0022/2819/1305/t/6/assets/slick.ttf]
[cdn.shopify.com/s/files/1/0022/2819/1305/t/6/assets/slick.svg]
[cdn.shopify.com/s/files/1/0022/2819/1305/t/6/assets/slick-themec705.css]
[cdn.shopify.com/s/files/1/0022/2819/1305/t/6/assets/owl.video.play.png]
[cdn.shopify.com/s/files/1/0022/2819/1305/t/6/assets/owl.carousel.minc705.css]
[cdn.shopify.com/s/files/1/0022/2819/1305/t/6/assets/owl.theme.default.minc705.css]
[cdn.shopify.com/s/files/1/0022/2819/1305/t/6/assets/jquery.fancybox.minc705.css]
[cdn.shopify.com/s/files/1/0022/2819/1305/t/6/img/sprites.png]
[cdn.shopify.com/s/files/1/0022/2819/1305/t/6/assets/threesixtyc705.css]
[cdn.shopify.com/s/files/1/0022/2819/1305/t/6/assets/Eina03-Bold.ttf]
[cdn.shopify.com/s/files/1/0022/2819/1305/t/6/assets/Eina03-Light.ttf]
[cdn.shopify.com/s/files/1/0022/2819/1305/t/6/assets/Eina03-SemiBold.ttf]
[cdn.shopify.com/s/files/1/0022/2819/1305/t/6/assets/Eina03-Regular.ttf]
[cdn.shopify.com/s/files/1/0022/2819/1305/t/6/assets/Mind_Blowing_Alt.ttf]
[cdn.shopify.com/s/files/1/0022/2819/1305/t/6/assets/fontsc705.css]
[cdn.shopify.com/s/files/1/0022/2819/1305/t/6/assets/fonts.css]
[cdn.shopify.com/s/files/1/0022/2819/1305/t/6/assets/retange.png]
[cdn.shopify.com/s/files/1/0022/2819/1305/t/6/assets/dot.png]
[cdn.shopify.com/s/files/1/0022/2819/1305/t/6/assets/active_dot.png]
[cdn.shopify.com/s/files/1/0022/2819/1305/t/6/img/megamenu/home-bg.jpg]
[cdn.shopify.com/s/files/1/0022/2819/1305/t/6/img/megamenu/tv-bg.jpg]
[cdn.shopify.com/s/files/1/0022/2819/1305/t/6/img/megamenu/phone-bg.jpg]
[cdn.shopify.com/s/files/1/0022/2819/1305/t/6/img/megamenu/headphone-bg.jpg]
[cdn.shopify.com/s/files/1/0022/2819/1305/t/6/images/banner/img-banner-head01.jpg]
[cdn.shopify.com/s/files/1/0022/2819/1305/t/6/images/banner/img-banner-head02.jpg]
[cdn.shopify.com/s/files/1/0022/2819/1305/t/6/images/banner/img-banner-head03.jpg]
[cdn.shopify.com/s/files/1/0022/2819/1305/t/6/images/banner/img-banner-head04.jpg]
[cdn.shopify.com/s/files/1/0022/2819/1305/t/6/img/home6/testimonial-bg.png]
[cdn.shopify.com/s/files/1/0022/2819/1305/t/6/img/contact_bg.png]
[cdn.shopify.com/s/files/1/0022/2819/1305/t/6/img/grid.png]
[cdn.shopify.com/s/files/1/0022/2819/1305/t/6/img/list.png]
[cdn.shopify.com/s/files/1/0022/2819/1305/t/6/assets/stylec705.css]
[cdn.shopify.com/s/files/1/0022/2819/1305/t/6/assets/fix_stylec705.css]
[cdn.shopify.com/s/files/1/0022/2819/1305/t/6/assets/engo-customize.scssc705.css]
[cdn.shopify.com/s/files/1/0022/2819/1305/t/6/assets/umbgc705.css]
[zoa-store-demo.myshopify.com/collections/mens.atom]
[zoa-store-demo.myshopify.com/collections/mens.oembed]
[zoa-store-demo.myshopify.com/collections/mens.html]
[zoa-store-demo.myshopify.com/collections/mens/products/mens-boxes.html]
[zoa-store-demo.myshopify.com/collections/all/0-294658.html]
[zoa-store-demo.myshopify.com/collections/allca56.html]
[zoa-store-demo.myshopify.com/collections/all/0-299ba9.html]
[zoa-store-demo.myshopify.com/collections/all/black4658.html]
[zoa-store-demo.myshopify.com/products/hat-lifestyle.html]
[zoa-store-demo.myshopify.com/collections/alla2af.html]
[zoa-store-demo.myshopify.com/products/mens-beach-short.html]
[zoa-store-demo.myshopify.com/collections/all/m4658.html]
[zoa-store-demo.myshopify.com/products/ecologically-grown-cotton-t-shirt.html]
[zoa-store-demo.myshopify.com/products/long-sleeve-top.html]
[zoa-store-demo.myshopify.com/collections/allc01e.html]
[zoa-store-demo.myshopify.com/collections/all/m9ba9.html]
[zoa-store-demo.myshopify.com/collections/all/s4658.html]
[zoa-store-demo.myshopify.com/collections/all/s9ba9.html]
[zoa-store-demo.myshopify.com/collections/all175e.html]
[zoa-store-demo.myshopify.com/collections/all/sfdb0.html]
[zoa-store-demo.myshopify.com/collections/allc98b.html]
[cdn.shopify.com/s/files/1/0022/2819/1305/products/product_11_granded909.jpg]
[cdn.shopify.com/s/files/1/0022/2819/1305/products/product_11_mediumd909.jpg]
[zoa-store-demo.myshopify.com/products/hat-lifestyle.oembed]
[zoa-store-demo.myshopify.com/collections/mens/products/hat-lifestyle.html]
[cdn.shopify.com/s/files/1/0022/2819/1305/products/product_10_grande7a52.jpg]
[cdn.shopify.com/s/files/1/0022/2819/1305/products/product_10_medium7a52.jpg]
[zoa-store-demo.myshopify.com/collections/mens/products/casual-short.html]
[cdn.shopify.com/s/files/1/0022/2819/1305/products/product_9_grandec3a5.jpg]
[cdn.shopify.com/s/files/1/0022/2819/1305/products/product_9_mediumc3a5.jpg]
[zoa-store-demo.myshopify.com/collections/mens/products/sock-cirus.html]
[cdn.shopify.com/s/files/1/0022/2819/1305/products/product_8_grandecf54.jpg]
[cdn.shopify.com/s/files/1/0022/2819/1305/products/product_8_mediumcf54.jpg]
[zoa-store-demo.myshopify.com/collections/mens/products/tank-top-white.html]
[cdn.shopify.com/s/files/1/0022/2819/1305/products/product_7_grande8392.jpg]
[cdn.shopify.com/s/files/1/0022/2819/1305/products/product_7_medium8392.jpg]
[zoa-store-demo.myshopify.com/products/mens-beach-short.oembed]
[zoa-store-demo.myshopify.com/collections/mens/products/mens-beach-short.html]
[cdn.shopify.com/s/files/1/0022/2819/1305/products/product_5_4db26a26-88a6-4ce3-bf5d-b8ac7f1689a8_grande5d49.jpg]
[cdn.shopify.com/s/files/1/0022/2819/1305/products/product_5_4db26a26-88a6-4ce3-bf5d-b8ac7f1689a8_medium5d49.jpg]
[zoa-store-demo.myshopify.com/collections/mens/products/dad-t-shirts.html]
[cdn.shopify.com/s/files/1/0022/2819/1305/products/product_4_641995eb-cfcb-4e70-8ca1-68cb78121121_grande0975.jpg]
[cdn.shopify.com/s/files/1/0022/2819/1305/products/product_4_641995eb-cfcb-4e70-8ca1-68cb78121121_medium0975.jpg]
[zoa-store-demo.myshopify.com/collections/mens/products/zoa-hoodie.html]
[cdn.shopify.com/s/files/1/0022/2819/1305/products/product_3_77ef8541-7bec-4cd9-8dd0-60eedce5a41a_grandecdb5.jpg]
[cdn.shopify.com/s/files/1/0022/2819/1305/products/product_3_77ef8541-7bec-4cd9-8dd0-60eedce5a41a_mediumcdb5.jpg]
[zoa-store-demo.myshopify.com/products/zoa-sweaters.oembed]
[zoa-store-demo.myshopify.com/collections/mens/products/zoa-sweaters.html]
[cdn.shopify.com/s/files/1/0022/2819/1305/products/product_1_grandec9d2.jpg]
[cdn.shopify.com/s/files/1/0022/2819/1305/products/product_1_mediumc9d2.jpg]
[zoa-store-demo.myshopify.com/collections/mens/products/mens-tank-top.html]
[zoa-store-demo.myshopify.com/collections/trend.html]
[zoa-store-demo.myshopify.com/collections/new-arrival.html]
[zoa-store-demo.myshopify.com/collections/trend/products/aenean-consequat-sagittis.html]
[zoa-store-demo.myshopify.com/collections/trend/products/donec-fringilla.html]
[zoa-store-demo.myshopify.com/collections/trend/products/wide-pants.html]
[zoa-store-demo.myshopify.com/collections/trend/products/womens-sunglasses.html]
[zoa-store-demo.myshopify.com/collections/trend/products/libero-quis.html]
[cdn.shopify.com/s/files/1/0022/2819/1305/files/blackc705.html]
[cdn.shopify.com/s/files/1/0022/2819/1305/files/redc705.html]
[zoa-store-demo.myshopify.com/collections/zoas-accessories.atom]
[zoa-store-demo.myshopify.com/collections/zoas-accessories.html]
[zoa-store-demo.myshopify.com/collections/alla27e.html]
[cdn.shopify.com/s/files/1/0022/2819/1305/products/product_1_0f51963b-5c37-4b5c-8b31-20bcc16295de_grande283e.jpg]
[cdn.shopify.com/s/files/1/0022/2819/1305/products/product_1_0f51963b-5c37-4b5c-8b31-20bcc16295de_medium283e.jpg]
[zoa-store-demo.myshopify.com/collections/zoas-accessories/products/red-belt.html]
[cdn.shopify.com/s/files/1/0022/2819/1305/products/product_2_ecb5dc3a-7f26-4161-a454-0616f8e56557_grande80bf.jpg]
[cdn.shopify.com/s/files/1/0022/2819/1305/products/product_2_ecb5dc3a-7f26-4161-a454-0616f8e56557_medium80bf.jpg]
[zoa-store-demo.myshopify.com/products/watches-co.oembed]
[zoa-store-demo.myshopify.com/collections/zoas-accessories/products/watches-co.html]
[zoa-store-demo.myshopify.com/collections/zoas-accessories/products/sunglasses-ron.html]
[cdn.shopify.com/s/files/1/0022/2819/1305/products/product_4_eacdf0db-9987-40b1-aa8c-6438878b1ddb_grandeef95.jpg]
[cdn.shopify.com/s/files/1/0022/2819/1305/products/product_4_eacdf0db-9987-40b1-aa8c-6438878b1ddb_mediumef95.jpg]
[zoa-store-demo.myshopify.com/collections/zoas-accessories/products/sneaker-high-top.html]
[zoa-store-demo.myshopify.com/collections/zoas-accessories/products/brace-fun.html]
[zoa-store-demo.myshopify.com/collections/zoas-accessories/products/cardigan.html]
[zoa-store-demo.myshopify.com/collections/frontpage4658.html]
[cdn.shopify.com/s/files/1/0022/2819/1305/products/product_8_b93dd13f-d968-4e8d-a8f5-a07293ecf659_grande610e.jpg]
[cdn.shopify.com/s/files/1/0022/2819/1305/products/product_8_b93dd13f-d968-4e8d-a8f5-a07293ecf659_medium610e.jpg]
[zoa-store-demo.myshopify.com/products/top-shirt.oembed]
[zoa-store-demo.myshopify.com/collections/frontpage/products/top-shirt.html]
[zoa-store-demo.myshopify.com/collections/frontpage/products/tank-top-white.html]
[cdn.shopify.com/s/files/1/0022/2819/1305/products/product_7_8fe3a6f0-d035-479c-9c7d-36ebfd667ffe_grande20fd.jpg]
[cdn.shopify.com/s/files/1/0022/2819/1305/products/product_7_8fe3a6f0-d035-479c-9c7d-36ebfd667ffe_medium20fd.jpg]
[zoa-store-demo.myshopify.com/collections/frontpage/products/t-shirt-v-neck.html]
[zoa-store-demo.myshopify.com/collections/frontpage/products/mens-beach-short.html]
[cdn.shopify.com/s/files/1/0022/2819/1305/products/product_18_grandeab19.jpg]
[cdn.shopify.com/s/files/1/0022/2819/1305/products/product_18_mediumab19.jpg]
[zoa-store-demo.myshopify.com/products/long-sleeve-top.oembed]
[cdn.shopify.com/s/files/1/0022/2819/1305/products/product_9_d2e25eb1-9f5e-4851-b4fc-d773afd5f2f27856.jpg]
[zoa-store-demo.myshopify.com/collections/frontpage/products/long-sleeve-top.html]
[zoa-store-demo.myshopify.com/collections/frontpage/products/hat-lifestyle.html]
[zoa-store-demo.myshopify.com/collections/frontpage/products/cardigan.html]
[zoa-store-demo.myshopify.com/collections/frontpage/products/brace-fun.html]
[zoa-store-demo.myshopify.com/collections/frontpage/products/back-pack.html]
[zoa-store-demo.myshopify.com/collections/frontpage/products/zoa-sweaters.html]
[zoa-store-demo.myshopify.com/collections/frontpage/products/zoa-hoodie.html]
[zoa-store-demo.myshopify.com/collections/frontpage/products/libero-quis.html]
[zoa-store-demo.myshopify.com/collections/kids-2.html]
[zoa-store-demo.myshopify.com/collections/kids/products/baby-sneakers.html]
[zoa-store-demo.myshopify.com/collections/kids/products/baby-long-sheeve.html]
[zoa-store-demo.myshopify.com/collections/kids/products/baby-hat.html]
[zoa-store-demo.myshopify.com/collections/kids/products/baby-totes.html]
[zoa-store-demo.myshopify.com/collections/kids/products/baby-cutting-jeans.html]
[zoa-store-demo.myshopify.com/collections/kids/products/baby-t-shirts.html]
[zoa-store-demo.myshopify.com/blogs/news-2.html]
[zoa-store-demo.myshopify.com/blogs/news/tagged/felix.html]
[zoa-store-demo.myshopify.com/blogs/news/tagged/landing.html]
[cdn.shopify.com/s/files/1/0022/2819/1305/articles/blog_list_2a6fc.jpg]
[cdn.shopify.com/s/files/1/0022/2819/1305/articles/blog_list_4f555.jpg]
[zoa-store-demo.myshopify.com/blogs/news/tagged/news.html]
[zoa-store-demo.myshopify.com/blogs/news/tagged/zoa-blog.html]
[zoa-store-demo.myshopify.com/blogs/news/men-streets-style.html]
[zoa-store-demo.myshopify.com/blogs/news/beautiful-girl.html]
[zoa-store-demo.myshopify.com/products/donec-fringilla-2.html]
[zoa-store-demo.myshopify.com/products/wide-pants-2.html]
[zoa-store-demo.myshopify.com/products/libero-quis-2.html]
[cdn.shopify.com/s/files/1/0022/2819/1305/articles/blog_list_3_904149af-142b-4d5f-8d39-a5a2bbafd3f89cf8.jpg]
[zoa-store-demo.myshopify.com/collections/vendors1678.html]
[zoa-store-demo.myshopify.com/products/thin-parka-with-hood.html]
[zoa-store-demo.myshopify.com/products/brace-fun-2.html]
[zoa-store-demo.myshopify.com/collections/new-arrival/products/watches-co.html]
[zoa-store-demo.myshopify.com/products/wallet-black.html]
[zoa-store-demo.myshopify.com/products/watches-co.html]
[zoa-store-demo.myshopify.com/products/white-top.html]
[zoa-store-demo.myshopify.com/products/zoa-hoodie.html]
[zoa-store-demo.myshopify.com/products/zoa-sweaters.html]
[zoa-store-demo.myshopify.com/collections/all2679.html]
[cdn.shopify.com/s/files/1/0022/2819/1305/t/10/assets/iconsb050.html]
[cdn.shopify.com/s/files/1/0022/2819/1305/t/10/assets/iconsb050-2.html]
[cdn.shopify.com/s/files/1/0022/2819/1305/t/10/assets/iconsb050-3.html]
[cdn.shopify.com/s/files/1/0022/2819/1305/t/10/assets/iconsb050-4.html]
[cdn.shopify.com/s/files/1/0022/2819/1305/t/10/assets/fontawesome-webfont3e6e.svg]
[cdn.shopify.com/s/files/1/0022/2819/1305/t/10/assets/Simple-Line-Iconsb26c.svg]
[zoa-store-demo.myshopify.com/blogs/news/10-tips-for-your-hair.html]
[cdn.shopify.com/s/files/1/0022/2819/1305/t/10/assets/ionicons28b5.svg]
[cdn.shopify.com/s/files/1/0022/2819/1305/t/10/assets/zoa.html]
[cdn.shopify.com/s/files/1/0022/2819/1305/t/10/assets/zoa-2.html]
[cdn.shopify.com/s/files/1/0022/2819/1305/t/10/assets/zoa-3.html]
[cdn.shopify.com/s/files/1/0022/2819/1305/t/10/assets/slick.html]
[cdn.shopify.com/s/files/1/0022/2819/1305/t/10/assets/slickd41d.html]
[cdn.shopify.com/s/files/1/0022/2819/1305/t/10/assets/slick-2.html]
[cdn.shopify.com/s/files/1/0022/2819/1305/t/10/assets/owl.video.play.html]
[cdn.shopify.com/s/files/1/0022/2819/1305/t/10/img/sprites.html]
[cdn.shopify.com/s/files/1/0022/2819/1305/t/10/assets/fonts.css]
[cdn.shopify.com/s/files/1/0022/2819/1305/t/10/img/megamenu/home-bg.html]
[cdn.shopify.com/s/files/1/0022/2819/1305/t/10/img/megamenu/tv-bg.html]
[cdn.shopify.com/s/files/1/0022/2819/1305/t/10/img/megamenu/phone-bg.html]
[cdn.shopify.com/s/files/1/0022/2819/1305/t/10/img/megamenu/headphone-bg.html]
[cdn.shopify.com/s/files/1/0022/2819/1305/t/10/images/banner/img-banner-head01.html]
[cdn.shopify.com/s/files/1/0022/2819/1305/t/10/images/banner/img-banner-head02.html]
[cdn.shopify.com/s/files/1/0022/2819/1305/t/10/images/banner/img-banner-head03.html]
[cdn.shopify.com/s/files/1/0022/2819/1305/t/10/images/banner/img-banner-head04.html]
[cdn.shopify.com/s/files/1/0022/2819/1305/t/10/img/home6/testimonial-bg.html]
[cdn.shopify.com/s/files/1/0022/2819/1305/t/10/img/contact_bg.html]
[cdn.shopify.com/s/files/1/0022/2819/1305/t/10/img/grid.html]
[cdn.shopify.com/s/files/1/0022/2819/1305/t/10/img/list.html]
[zoa-store-demo.myshopify.com/products/jacket-with-pouch-pocket.html]
[zoa-store-demo.myshopify.com/products/tencel-shirt.html]
[zoa-store-demo.myshopify.com/products/ecologically-grown-cotton-t-shirt-1.html]
[zoa-store-demo.myshopify.com/products/hooded-raincoat.html]
[zoa-store-demo.myshopify.com/products/ribbed-bodysuit.html]
[zoa-store-demo.myshopify.com/products/ribbed-bodysuit-2.html]
[zoa-store-demo.myshopify.com/products/sunglasses-ron.html]
[zoa-store-demo.myshopify.com/products/sunglasses-ron-2.html]
[cdn.shopify.com/s/files/1/0022/2819/1305/t/6/assets/icons746a.html]
[cdn.shopify.com/s/files/1/0022/2819/1305/t/6/assets/icons746a-2.html]
[cdn.shopify.com/s/files/1/0022/2819/1305/t/6/assets/icons746a-3.html]
[cdn.shopify.com/s/files/1/0022/2819/1305/t/6/assets/icons746a-4.html]
[cdn.shopify.com/s/files/1/0022/2819/1305/t/6/assets/fontawesome-webfont3e6e.svg]
[cdn.shopify.com/s/files/1/0022/2819/1305/t/6/assets/Simple-Line-Iconsb26c.svg]
[cdn.shopify.com/s/files/1/0022/2819/1305/t/6/assets/ionicons28b5.svg]
[cdn.shopify.com/s/files/1/0022/2819/1305/t/6/assets/zoa.html]
[cdn.shopify.com/s/files/1/0022/2819/1305/t/6/assets/zoa-2.html]
[cdn.shopify.com/s/files/1/0022/2819/1305/t/6/assets/zoa-3.html]
[cdn.shopify.com/s/files/1/0022/2819/1305/t/6/assets/slick.html]
[cdn.shopify.com/s/files/1/0022/2819/1305/t/6/assets/slickd41d.html]
[cdn.shopify.com/s/files/1/0022/2819/1305/t/6/assets/slick-2.html]
[cdn.shopify.com/s/files/1/0022/2819/1305/t/6/assets/owl.video.play.html]
[cdn.shopify.com/s/files/1/0022/2819/1305/t/6/img/sprites.html]
[cdn.shopify.com/s/files/1/0022/2819/1305/t/6/assets/fonts.css]
[cdn.shopify.com/s/files/1/0022/2819/1305/t/6/img/megamenu/home-bg.html]
[cdn.shopify.com/s/files/1/0022/2819/1305/t/6/img/megamenu/tv-bg.html]
[cdn.shopify.com/s/files/1/0022/2819/1305/t/6/img/megamenu/phone-bg.html]
[cdn.shopify.com/s/files/1/0022/2819/1305/t/6/img/megamenu/headphone-bg.html]
[cdn.shopify.com/s/files/1/0022/2819/1305/t/6/images/banner/img-banner-head01.html]
[cdn.shopify.com/s/files/1/0022/2819/1305/t/6/images/banner/img-banner-head02.html]
[cdn.shopify.com/s/files/1/0022/2819/1305/t/6/images/banner/img-banner-head03.html]
[cdn.shopify.com/s/files/1/0022/2819/1305/t/6/images/banner/img-banner-head04.html]
[cdn.shopify.com/s/files/1/0022/2819/1305/t/6/img/home6/testimonial-bg.html]
[cdn.shopify.com/s/files/1/0022/2819/1305/t/6/img/contact_bg.html]
[cdn.shopify.com/s/files/1/0022/2819/1305/t/6/img/grid.html]
[cdn.shopify.com/s/files/1/0022/2819/1305/t/6/img/list.html]
[zoa-store-demo.myshopify.com/collections/mens/products/mens-boxes.html]
[zoa-store-demo.myshopify.com/collections/all/price-descending.html]
[zoa-store-demo.myshopify.com/collections/all/0-294658.html]
[zoa-store-demo.myshopify.com/collections/all/0-299ba9.html]
[zoa-store-demo.myshopify.com/collections/all/black4658.html]
[zoa-store-demo.myshopify.com/products/hat-lifestyle.html]
[zoa-store-demo.myshopify.com/products/mens-beach-short.html]
[zoa-store-demo.myshopify.com/collections/all/m4658.html]
[cdn.shopify.com/s/files/1/0022/2819/1305/products/product_3_3d54ab8f-2aa0-4a4d-8b18-34448143151f_grande7bce.jpg]
[cdn.shopify.com/s/files/1/0022/2819/1305/products/product_3_3d54ab8f-2aa0-4a4d-8b18-34448143151f_medium7bce.jpg]
[zoa-store-demo.myshopify.com/products/ecologically-grown-cotton-t-shirt.oembed]
[zoa-store-demo.myshopify.com/products/ecologically-grown-cotton-t-shirt.html]
[zoa-store-demo.myshopify.com/products/long-sleeve-top.html]
[zoa-store-demo.myshopify.com/collections/all/m9ba9.html]
[zoa-store-demo.myshopify.com/collections/all/s4658.html]
[zoa-store-demo.myshopify.com/collections/all/s9ba9.html]
[zoa-store-demo.myshopify.com/collections/all/sfdb0.html]
[zoa-store-demo.myshopify.com/collections/all/white4658.html]
[zoa-store-demo.myshopify.com/collections/all/white9ba9.html]
[zoa-store-demo.myshopify.com/products/casual-short-2.html]
[zoa-store-demo.myshopify.com/products/sock-cirus.html]
[zoa-store-demo.myshopify.com/products/sock-cirus-2.html]
[zoa-store-demo.myshopify.com/products/tank-top-white.html]
[zoa-store-demo.myshopify.com/products/tank-top-white-2.html]
[zoa-store-demo.myshopify.com/products/dad-t-shirts-2.html]
[zoa-store-demo.myshopify.com/products/zoa-hoodie-2.html]
[zoa-store-demo.myshopify.com/products/mens-tank-top.html]
[zoa-store-demo.myshopify.com/products/mens-tank-top-2.html]
[zoa-store-demo.myshopify.com/collections/trend-2.html]
[zoa-store-demo.myshopify.com/collections/trend-3.html]
[zoa-store-demo.myshopify.com/collections/new-arrival-2.html]
[zoa-store-demo.myshopify.com/collections/new-arrival4658.html]
[zoa-store-demo.myshopify.com/collections/new-arrival-3.html]
[zoa-store-demo.myshopify.com/collections/zoas-accessories-2.html]
[zoa-store-demo.myshopify.com/collections/zoas-accessories/products/snap-cap.html]
[zoa-store-demo.myshopify.com/products/red-belt.html]
[zoa-store-demo.myshopify.com/products/sneaker-high-top.html]
[zoa-store-demo.myshopify.com/products/red-belt-2.html]
[zoa-store-demo.myshopify.com/products/sneaker-high-top-2.html]
[zoa-store-demo.myshopify.com/collections/frontpage2679.html]
[zoa-store-demo.myshopify.com/collections/frontpage4658-2.html]
[zoa-store-demo.myshopify.com/collections/frontpage/products/win-shirts.html]
[zoa-store-demo.myshopify.com/collections/frontpage/products/womens-sunglasses.html]
[zoa-store-demo.myshopify.com/collections/frontpage/products/wide-pants.html]
[zoa-store-demo.myshopify.com/collections/frontpage/products/donec-fringilla.html]
[zoa-store-demo.myshopify.com/collections/frontpage/products/aenean-consequat-sagittis.html]
[zoa-store-demo.myshopify.com/products/top-shirt.html]
[zoa-store-demo.myshopify.com/collections/womens-collection.html]
[zoa-store-demo.myshopify.com/products/t-shirt-v-neck.html]
[zoa-store-demo.myshopify.com/products/t-shirt-v-neck-2.html]
[zoa-store-demo.myshopify.com/collections/bags-collection/products/short-sleeve-top.html]
[zoa-store-demo.myshopify.com/collections/bags-collection/products/back-pack.html]
[zoa-store-demo.myshopify.com/collections/bags-collection/products/wallet-black.html]
[zoa-store-demo.myshopify.com/collections/bags-collection/products/sunglasses-ron.html]
[zoa-store-demo.myshopify.com/collections/bags-collection/products/cardigan.html]
[zoa-store-demo.myshopify.com/collections/bags-collection/products/long-sleeve-top.html]
[zoa-store-demo.myshopify.com/blogs/news/tagged/landing-2.html]
[zoa-store-demo.myshopify.com/blogs/news/tagged/news-2.html]
[zoa-store-demo.myshopify.com/blogs/news/freddie-harrel.html]
[zoa-store-demo.myshopify.com/blogs/news/10-tips-for-your-hair.html]
[zoa-store-demo.myshopify.com/collections/all/0-29.html]
[zoa-store-demo.myshopify.com/collections/all/0-292679.html]
[zoa-store-demo.myshopify.com/collections/all/manual.html]
[zoa-store-demo.myshopify.com/collections/all/best-selling.html]
[zoa-store-demo.myshopify.com/collections/all/title-ascending.html]
[zoa-store-demo.myshopify.com/collections/all/title-descending.html]
[zoa-store-demo.myshopify.com/collections/all/price-descending.html]
[zoa-store-demo.myshopify.com/collections/all/price-ascending.html]
[zoa-store-demo.myshopify.com/collections/all/created-ascending.html]
[zoa-store-demo.myshopify.com/collections/all/created-descending.html]
[zoa-store-demo.myshopify.com/products/short-sleeve-top.html]
[zoa-store-demo.myshopify.com/collections/all/black.html]
[zoa-store-demo.myshopify.com/collections/all/black2679.html]
[zoa-store-demo.myshopify.com/collections/all/m.html]
[zoa-store-demo.myshopify.com/collections/all/m2679.html]
[zoa-store-demo.myshopify.com/products/long-sleeves-shirt.html]
[zoa-store-demo.myshopify.com/collections/all/s.html]
[zoa-store-demo.myshopify.com/collections/all/s2679.html]
[zoa-store-demo.myshopify.com/collections/all/price-descending-2.html]
